
> planner@ build /workspace/runs/4db3e7bb-4798-4792-a7f9-3b07cea65bbd/repo
> vite build

vite v8.1.3 building client environment for production...
[2Ktransforming...
[@tanstack/devtools-vite] Removed devtools code from: /src/routes/__root.tsx

✓ 2299 modules transformed.
rendering chunks...
computing gzip size...
dist/client/.assetsignore                                    0.02 kB
dist/client/assets/DocsPage-zpwbop3O.css                     8.72 kB │ gzip:   2.38 kB
dist/client/assets/workflow-DePX2G4a.css                    11.12 kB │ gzip:   2.83 kB
dist/client/assets/projects._id.tasks-DRJcp-XF.css          20.32 kB │ gzip:   4.54 kB
dist/client/assets/styles-BQuJai9I.css                      91.55 kB │ gzip:  16.25 kB
dist/client/assets/root-DLTE-HSj.js                          0.03 kB │ gzip:   0.05 kB
dist/client/assets/projects-_gxwRwoI.js                      0.07 kB │ gzip:   0.08 kB
dist/client/assets/matchContext-GQpJ4Iuv.js                  0.14 kB │ gzip:   0.12 kB
dist/client/assets/docs.index-Cbm3B1k0.js                    0.15 kB │ gzip:   0.15 kB
dist/client/assets/docs-CkfqvNoE.js                          0.15 kB │ gzip:   0.14 kB
dist/client/assets/arrow-left-CeEdAPz0.js                    0.16 kB │ gzip:   0.16 kB
dist/client/assets/arrow-right-PnePm36X.js                   0.16 kB │ gzip:   0.16 kB
dist/client/assets/docs._slug-DIryU0WD.js                    0.21 kB │ gzip:   0.18 kB
dist/client/assets/projects._id.tasks._taskId-C2W-VUfu.js    0.37 kB │ gzip:   0.27 kB
dist/client/assets/qss-CuvTgpZA.js                           0.39 kB │ gzip:   0.26 kB
dist/client/assets/settings-vCnr-Fb3.js                      0.48 kB │ gzip:   0.26 kB
dist/client/assets/projects._id.tasks._taskId-CvEuvdb9.js    0.50 kB │ gzip:   0.33 kB
dist/client/assets/redirect-DCb_aIiF.js                      0.62 kB │ gzip:   0.35 kB
dist/client/assets/invite._token-C2Q4IcLX.js                 1.11 kB │ gzip:   0.59 kB
dist/client/assets/createLucideIcon-BN_ANQUl.js              1.18 kB │ gzip:   0.68 kB
dist/client/assets/TaskList-DAogoU_X.js                      1.79 kB │ gzip:   0.81 kB
dist/client/assets/projects.index-CLhAmMsc.js                2.11 kB │ gzip:   0.87 kB
dist/client/assets/dashboard-B0MzroXj.js                     3.29 kB │ gzip:   1.32 kB
dist/client/assets/projects._id-ZMHNWd8e.js                  3.30 kB │ gzip:   1.30 kB
dist/client/assets/login-BK6dTcQ1.js                         3.59 kB │ gzip:   1.52 kB
dist/client/assets/new-task-BSO9P89i.js                      4.68 kB │ gzip:   1.91 kB
dist/client/assets/landing-C8HlpILU.js                       4.83 kB │ gzip:   1.65 kB
dist/client/assets/useStore-avoZ_eM9.js                      5.54 kB │ gzip:   2.35 kB
dist/client/assets/link-BQ0pDzgz.js                          7.86 kB │ gzip:   3.34 kB
dist/client/assets/jsx-runtime-n5LQ9ujS.js                   8.53 kB │ gzip:   3.26 kB
dist/client/assets/agent-runs-Fx_x-cbg.js                    9.87 kB │ gzip:   2.58 kB
dist/client/assets/ClientOnly-Bx134O2s.js                   13.68 kB │ gzip:   4.81 kB
dist/client/assets/projects._id.tasks._taskId-C09ijBpR.js   32.55 kB │ gzip:   9.48 kB
dist/client/assets/collaboration-GwuV77pF.js                38.13 kB │ gzip:  12.80 kB
dist/client/assets/DocsPage-BS1lwuLR.js                     94.96 kB │ gzip:  27.84 kB
dist/client/assets/index-BDKZutF_.js                       524.37 kB │ gzip: 159.44 kB

✓ built in 1.31s
[plugin builtin:vite-reporter] 
(!) Some chunks are larger than 500 kB after minification. Consider:
- Using dynamic import() to code-split the application
- Use build.rolldownOptions.output.codeSplitting to improve chunking: https://rolldown.rs/reference/OutputOptions.codeSplitting
- Adjust chunk size limit for this warning via build.chunkSizeWarningLimit.
vite v8.1.3 building ssr environment for production...
[2Ktransforming...
[@tanstack/devtools-vite] Removed devtools code from: /src/routes/__root.tsx

✓ 2480 modules transformed.
rendering chunks...
Using secrets defined in process.env
[33m▲ [43;33m[[43;30mWARNING[43;33m][0m [1mMissing required secrets: GOOGLE_CLIENT_ID, GOOGLE_CLIENT_SECRET, GITHUB_CLIENT_ID, GITHUB_CLIENT_SECRET, RUNNER_API_TOKEN, GITHUB_ACTIONS_DISPATCH_TOKEN. Add them to .dev.vars, .env, or set as environment variables.[0m


computing gzip size...
dist/server/wrangler.json                                               2.12 kB │ gzip:   1.11 kB
dist/server/.vite/manifest.json                                        28.42 kB │ gzip:   3.33 kB
dist/server/assets/DocsPage-zpwbop3O.css                                8.72 kB │ gzip:   2.38 kB
dist/server/assets/workflow-DePX2G4a.css                               11.12 kB │ gzip:   2.83 kB
dist/server/assets/projects._id.tasks-DRJcp-XF.css                     20.32 kB │ gzip:   4.54 kB
dist/server/assets/styles-BQuJai9I.css                                 91.55 kB │ gzip:  16.25 kB
dist/server/assets/projects-CrVJP4LZ.js                                 0.18 kB │ gzip:   0.15 kB
dist/server/assets/empty-plugin-adapters-CCGZbMac.js                    0.28 kB │ gzip:   0.18 kB
dist/server/assets/start-B7Vg9sF8.js                                    0.28 kB │ gzip:   0.20 kB
dist/server/assets/docs-YayHKB4d.js                                     0.35 kB │ gzip:   0.24 kB
dist/server/assets/docs.index-01qhYZ98.js                               0.38 kB │ gzip:   0.25 kB
dist/server/assets/chevron-right-D8jtNeFx.js                            0.39 kB │ gzip:   0.27 kB
dist/server/assets/loader-circle-DTJc-da1.js                            0.40 kB │ gzip:   0.29 kB
dist/server/assets/plus-BM5ByeEb.js                                     0.40 kB │ gzip:   0.28 kB
dist/server/assets/arrow-left-BsXl62_5.js                               0.42 kB │ gzip:   0.30 kB
dist/server/assets/arrow-right-DbyotZL2.js                              0.43 kB │ gzip:   0.29 kB
dist/server/assets/createServerRpc-B97C-GQo.js                          0.45 kB │ gzip:   0.30 kB
dist/server/assets/docs._slug-cwv23pbg.js                               0.47 kB │ gzip:   0.28 kB
dist/server/assets/folder-BERwxC36.js                                   0.47 kB │ gzip:   0.32 kB
dist/server/assets/matchContext-DTpkD8j_.js                             0.53 kB │ gzip:   0.29 kB
dist/server/assets/external-link-CYdBbisa.js                            0.54 kB │ gzip:   0.34 kB
dist/server/assets/docs._slug-BD1PRrEp.js                               0.56 kB │ gzip:   0.35 kB
dist/server/assets/circle-alert-BlsXWtwl.js                             0.57 kB │ gzip:   0.32 kB
dist/server/assets/bot-D7DROauy.js                                      0.65 kB │ gzip:   0.37 kB
dist/server/assets/createSsrRpc-D1-eZZhv.js                             0.66 kB │ gzip:   0.39 kB
dist/server/assets/workflow-queries-C7J8hfqH.js                         0.66 kB │ gzip:   0.34 kB
dist/server/assets/invite._token-DUzdpPie.js                            0.72 kB │ gzip:   0.41 kB
dist/server/assets/projects.index-CLnLU3M9.js                           0.72 kB │ gzip:   0.40 kB
dist/server/assets/settings-C91Op84u.js                                 0.75 kB │ gzip:   0.39 kB
dist/server/assets/book-open-text-m7rryJoh.js                           0.75 kB │ gzip:   0.40 kB
dist/server/assets/projects._id.tasks._taskId-D5DoT_rB.js               0.78 kB │ gzip:   0.40 kB
dist/server/assets/new-task-CL-ItWHl.js                                 0.87 kB │ gzip:   0.47 kB
dist/server/assets/git-pull-request-DeppXiao.js                         0.90 kB │ gzip:   0.42 kB
dist/server/assets/projects._id.tasks._taskId-i93caemp.js               1.00 kB │ gzip:   0.49 kB
dist/server/assets/useSearch-Dg-Jo2bU.js                                1.09 kB │ gzip:   0.58 kB
dist/server/assets/refresh-cw-D2LczCmt.js                               1.13 kB │ gzip:   0.48 kB
dist/server/assets/root-a1a_QKCd.js                                     1.18 kB │ gzip:   0.57 kB
dist/server/assets/dashboard-CWizX_b4.js                                1.30 kB │ gzip:   0.69 kB
dist/server/assets/rolldown-runtime-B-1-B7_t.js                         1.40 kB │ gzip:   0.66 kB
dist/server/assets/workflow-DQEa867N.js                                 1.44 kB │ gzip:   0.73 kB
dist/server/assets/priority--UVDKPQR.js                                 1.55 kB │ gzip:   0.75 kB
dist/server/assets/useMatch-B2UqJHSd.js                                 1.92 kB │ gzip:   0.81 kB
dist/server/assets/projects-MXF3PJGj.js                                 2.17 kB │ gzip:   0.82 kB
dist/server/assets/redirect-B4aPqzlW.js                                 2.32 kB │ gzip:   0.97 kB
dist/server/assets/invite._token-BTp5mO4v.js                            2.34 kB │ gzip:   0.88 kB
dist/server/assets/access.server-B3sKwsnh.js                            2.49 kB │ gzip:   0.90 kB
dist/server/assets/projects._id-DGX5BCmA.js                             2.51 kB │ gzip:   1.20 kB
dist/server/assets/ui-context-DD4sydzE.js                               3.00 kB │ gzip:   0.88 kB
dist/server/assets/createLucideIcon-CyLgt_qK.js                         3.35 kB │ gzip:   1.19 kB
dist/server/assets/collaboration-BHIRIzo6.js                            3.48 kB │ gzip:   1.15 kB
dist/server/assets/TaskList-BceIMuJI.js                                 3.51 kB │ gzip:   1.26 kB
dist/server/assets/attachments-BL7wMQDU.js                              3.55 kB │ gzip:   1.29 kB
dist/server/assets/workflow-BDo_VopW.js                                 4.04 kB │ gzip:   1.46 kB
dist/server/assets/projects.index-C8iSpFC9.js                           4.22 kB │ gzip:   1.22 kB
dist/server/assets/agent-logs-DrlES18D.js                               4.35 kB │ gzip:   1.44 kB
dist/server/assets/_tanstack-start-manifest_v-xJblpmVN.js               4.43 kB │ gzip:   1.12 kB
dist/server/assets/agent-BXB3zA3E.js                                    5.76 kB │ gzip:   1.80 kB
dist/server/assets/dashboard-CsPJZsxu.js                                6.39 kB │ gzip:   1.80 kB
dist/server/assets/react-dom-D3bqrEa_.js                                6.67 kB │ gzip:   1.96 kB
dist/server/assets/login-ccHu7Oto.js                                    6.69 kB │ gzip:   2.09 kB
dist/server/assets/projects._id-CdSvvpd2.js                             6.73 kB │ gzip:   1.87 kB
dist/server/assets/tasks-BbmflS0e.js                                    8.29 kB │ gzip:   2.06 kB
dist/server/assets/projects-B1h12iNu.js                                 8.31 kB │ gzip:   2.37 kB
dist/server/assets/new-task-DOayNliA.js                                 8.82 kB │ gzip:   2.54 kB
dist/server/assets/landing-0VxXGdeO.js                                  9.86 kB │ gzip:   2.25 kB
dist/server/assets/__23tanstack-start-server-fn-resolver-mJOHBtch.js   11.44 kB │ gzip:   3.33 kB
dist/server/assets/atom-p0akJP7l.js                                    11.60 kB │ gzip:   3.07 kB
dist/server/assets/chat-Dcja8rnn.js                                    12.08 kB │ gzip:   3.43 kB
dist/server/assets/agent-queue.server-CLNwFSC3.js                      12.66 kB │ gzip:   3.83 kB
dist/server/assets/review.server-DTcj-SMs.js                           12.95 kB │ gzip:   3.91 kB
dist/server/assets/lazyRouteComponent-ymf_SIZo.js                      13.49 kB │ gzip:   3.51 kB
dist/server/assets/collaboration-ir-1-Yei.js                           13.50 kB │ gzip:   3.04 kB
dist/server/assets/useStore-Bqw1FTSC.js                                15.95 kB │ gzip:   5.29 kB
dist/server/assets/link-Cp85cM4B.js                                    15.96 kB │ gzip:   4.39 kB
dist/server/assets/Match-DCwM7LbH.js                                   16.90 kB │ gzip:   3.80 kB
dist/server/assets/jsx-runtime-BhGdSeMR.js                             17.06 kB │ gzip:   4.48 kB
dist/server/assets/agent-runs-D2PPuBlB.js                              19.90 kB │ gzip:   3.71 kB
dist/server/assets/createMiddleware-C_6w8bEu.js                        25.59 kB │ gzip:   7.05 kB
dist/server/assets/agent-BE8CwkMX.js                                   26.86 kB │ gzip:   6.53 kB
dist/server/assets/ClientOnly-BUeyl_HT.js                              37.61 kB │ gzip:   9.74 kB
dist/server/assets/projects._id.tasks._taskId-DGBEuAOq.js              62.12 kB │ gzip:  13.07 kB
dist/server/assets/queries-Bj564A-M.js                                 79.44 kB │ gzip:  17.06 kB
dist/server/assets/scroll-restoration-BSRSjXo5.js                      85.90 kB │ gzip:  20.70 kB
dist/server/assets/DocsPage-C6LEsG4M.js                               110.46 kB │ gzip:  30.11 kB
dist/server/assets/router-C6G3KHXp.js                                 174.97 kB │ gzip:  36.49 kB
dist/server/assets/auth-middleware-CkyDV6uH.js                        321.26 kB │ gzip:  66.97 kB
dist/server/assets/projects._id.tasks._taskId-Ch3SO3nf.js             593.05 kB │ gzip: 126.76 kB
dist/server/index.js                                                  603.35 kB │ gzip: 126.73 kB

✓ built in 1.61s
