
> planner@ preview /workspace/runs/4968c9aa-12be-4ae5-a227-8ff899d16653/repo
> vite preview --host

⎔ Establishing remote connection...
error when starting preview server:
Error: Failed to start the remote proxy session, see the error details below:

Could not start remote dev session. No credentials found, and the environment is non-interactive so browser login cannot be started.
Either:
 - Set a CLOUDFLARE_API_TOKEN environment variable
 - Run `wrangler login` in an interactive terminal first

You can run `wrangler whoami` to check your current authentication status.
    at /workspace/runs/4968c9aa-12be-4ae5-a227-8ff899d16653/repo/node_modules/.pnpm/wrangler@4.107.0/node_modules/wrangler/wrangler-dist/cli.js:362728:11
    at process.processTicksAndRejections (node:internal/process/task_queues:103:5)
    at async startRemoteProxySession (/workspace/runs/4968c9aa-12be-4ae5-a227-8ff899d16653/repo/node_modules/.pnpm/wrangler@4.107.0/node_modules/wrangler/wrangler-dist/cli.js:362701:18)
    at async Module.maybeStartOrUpdateRemoteProxySession (/workspace/runs/4968c9aa-12be-4ae5-a227-8ff899d16653/repo/node_modules/.pnpm/wrangler@4.107.0/node_modules/wrangler/wrangler-dist/cli.js:362872:32)
    at async file:///workspace/runs/4968c9aa-12be-4ae5-a227-8ff899d16653/repo/node_modules/.pnpm/@cloudflare+vite-plugin@1.43.0_vite@8.1.3_@types+node@22.20.0_esbuild@0.28.1_jiti@2.7.0_21ed1b217016c76ba7b85ff4cd58ac34/node_modules/@cloudflare/vite-plugin/dist/index.mjs:64853:80
    at async Promise.all (index 0)
    at async getPreviewMiniflareOptions (file:///workspace/runs/4968c9aa-12be-4ae5-a227-8ff899d16653/repo/node_modules/.pnpm/@cloudflare+vite-plugin@1.43.0_vite@8.1.3_@types+node@22.20.0_esbuild@0.28.1_jiti@2.7.0_21ed1b217016c76ba7b85ff4cd58ac34/node_modules/@cloudflare/vite-plugin/dist/index.mjs:64849:19)
    at async BasicMinimalPluginContext.configurePreviewServer (file:///workspace/runs/4968c9aa-12be-4ae5-a227-8ff899d16653/repo/node_modules/.pnpm/@cloudflare+vite-plugin@1.43.0_vite@8.1.3_@types+node@22.20.0_esbuild@0.28.1_jiti@2.7.0_21ed1b217016c76ba7b85ff4cd58ac34/node_modules/@cloudflare/vite-plugin/dist/index.mjs:65409:58)
    at async preview (file:///workspace/runs/4968c9aa-12be-4ae5-a227-8ff899d16653/repo/node_modules/.pnpm/vite@8.1.3_@types+node@22.20.0_esbuild@0.28.1_jiti@2.7.0_tsx@4.23.0/node_modules/vite/dist/node/chunks/node.js:34616:91)
    at async CAC.<anonymous> (file:///workspace/runs/4968c9aa-12be-4ae5-a227-8ff899d16653/repo/node_modules/.pnpm/vite@8.1.3_@types+node@22.20.0_esbuild@0.28.1_jiti@2.7.0_tsx@4.23.0/node_modules/vite/dist/node/cli.js:808:18)
 ELIFECYCLE  Command failed with exit code 1.
